Microchip MPLAB XC8 Compiler V3.00

Linker command line:

-W-3 --edf=/Applications/Microchip/xc8/v3.00/pic/dat/20241204225717_en.msgs \
  -cn -h+dist/default/production/SPEC-1_PSU.X.production.sym \
  --cmf=dist/default/production/SPEC-1_PSU.X.production.cmf -z -Q12F675 \
  -o/tmp/xczJETHpS/driver_tmp_3.o --defsym=__MPLAB_BUILD=1 \
  --fixupoverflow=error \
  -Mdist/default/production/SPEC-1_PSU.X.production.map \
  --md=/tmp/xczJETHpS/driver_tmp_0.dat -E1 -ver=XC8 Compiler \
  -ACODE=00h-03FEh -ASTRCODE=00h-03FEh -ASTRING=00h-0FFhx3,0300h-03FEh \
  -ACONST=00h-0FFhx3,0300h-03FEh -AENTRY=00h-0FFhx3,0300h-03FEh \
  -ABANK0=020h-05Dh -ARAM=020h-05Dh -AABS1=020h-05Fh -ACOMMON=05Eh-05Fh \
  -ASFR0=00h-01Fh -ASFR1=080h-0DDh -ACONFIG=02007h-02007h -DCONFIG=2 \
  -AIDLOC=02000h-02003h -DIDLOC=2 -AEEDATA=00h-07Fh/02100h \
  -peeprom_data=EEDATA -DEEDATA=2 -DCODE=2 -DSTRCODE=2 -DSTRING=2 -DCONST=2 \
  -DENTRY=2 -preset_vec=00h,intentry,sivt,init,end_init -ppowerup=CODE \
  -pcinit=CODE -pfunctab=ENTRY -posccal=03FFh -k \
  /tmp/xczJETHpS/driver_tmp_12.o \
  dist/default/production/SPEC-1_PSU.X.production.o 

Object code version is 3.11

Machine type is 12F675



                Name                               Link     Load   Length Selector   Space Scale
/tmp/xczJETHpS/driver_tmp_12.o
                end_init                              0        0        1        0       0
                config                             2007     2007        1        0       4
dist/default/production/SPEC-1_PSU.X.production.o
                cinit                               3FD      3FD        2      7FA       0
                config                             2007     2007        1        0       4
                text3                               31C      31C        3      638       0
                text2                               31F      31F        6      63E       0
                text1                               325      325       2D      64A       0
                maintext                            352      352       AB      6A4       0
                cstackBANK0                          20       20       14       20       1
                strings                               1        1       6A        2       0

TOTAL           Name                               Link     Load   Length     Space
        CLASS   CODE           
                end_init                              0        0        1         0
                cinit                               3FD      3FD        2         0
                text3                               31C      31C        3         0
                text2                               31F      31F        6         0
                text1                               325      325       2D         0
                maintext                            352      352       AB         0

        CLASS   STRCODE        

        CLASS   STRING         
                strings                               1        1       6A         0

        CLASS   CONST          

        CLASS   ENTRY          

        CLASS   BANK0          
                cstackBANK0                          20       20       14         1

        CLASS   RAM            

        CLASS   ABS1           
                abs_s1                               5E       5E        2         1

        CLASS   COMMON         

        CLASS   SFR0           

        CLASS   SFR1           

        CLASS   CONFIG         
                config                             2007     2007        1         4

        CLASS   IDLOC          

        CLASS   EEDATA         

        CLASS   BANK1          

        CLASS   HEAP           

        CLASS   STACK          



SEGMENTS        Name                           Load    Length   Top    Selector   Space  Class     Delta

                maintext                       000352  0000AB  0003FD       6A4       0  CODE        2
                text2                          00031F  000006  000325       63E       0  CODE        2
                text3                          00031C  000003  00031F       638       0  CODE        2
                strings                        000001  00006A  00006B         2       0  STRING      2
                text1                          000325  00002D  000352       64A       0  CODE        2
                cinit                          0003FD  000002  0003FF       7FA       0  CODE        2
                reset_vec                      000000  000001  000001         0       0  CODE        2
                cstackBANK0                    000020  000014  000034        20       1  BANK0       1


UNUSED ADDRESS RANGES

        Name                Unused          Largest block    Delta
        BANK0            0034-005D             2A           1
        CODE             006B-031B            2B1           2
        CONST            006B-031B            100           2
        EEDATA           2100-217F             80           2
        ENTRY            006B-031B            100           2
        IDLOC            2000-2003              4           2
        RAM              0034-005D             2A           1
        SFR0             0000-001F             20           1
        SFR1             0080-00DD             5E           1
        STRCODE          006B-031B            2B1           2
        STRING           006B-031B            100           2

                                  Symbol Table

_ADCON0bits                (abs)        001F
_ANSELbits                 (abs)        009F
_CMCON                     (abs)        0019
_GPIObits                  (abs)        0005
_OPTION_REGbits            (abs)        0081
_Read_Timer0               text3        031C
_TMR0                      (abs)        0001
_TRISIO2                   (abs)        042A
_TRISIObits                (abs)        0085
_Timer0_Init               text2        031F
_VRCON                     (abs)        0099
__H__absolute__            __absolute__ 0000
__Habs1                    abs1         07FE
__Hbank0                   bank0        07FE
__Hbank1                   bank1        07FE
__Hcinit                   cinit        03FF
__Hclrtext                 clrtext      07FE
__Hcode                    code         07FE
__Hcommon                  common       07FE
__Hconfig                  config       2008
__HcstackBANK0             cstackBANK0  07FE
__HcstackCOMMON            cstackCOMMON 07FE
__Heeprom_data             eeprom_data  0000
__Hend_init                end_init     0001
__Hfunctab                 functab      0000
__Hheap                    heap         07FE
__Hinit                    init         0000
__Hintentry                intentry     0000
__Hmaintext                maintext     07FE
__Hosccal                  osccal       03FF
__Hpowerup                 powerup      0000
__Hram                     ram          07FE
__Hreset_vec               reset_vec    0000
__Hsfr0                    sfr0         07FE
__Hsfr1                    sfr1         07FE
__Hsivt                    sivt         0000
__Hspace_0                 (abs)        07FE
__Hspace_1                 (abs)        07FE
__Hspace_2                 (abs)        07FE
__Hspace_3                 (abs)        0000
__Hspace_4                 (abs)        400F
__Hstack                   stack        07FE
__Hstrings                 strings      07FE
__Htext                    text         07FE
__L__absolute__            __absolute__ 0000
__Labs1                    abs1         07FE
__Lbank0                   bank0        07FE
__Lbank1                   bank1        07FE
__Lcinit                   cinit        03FD
__Lclrtext                 clrtext      07FE
__Lcode                    code         07FE
__Lcommon                  common       07FE
__Lconfig                  config       0000
__LcstackBANK0             cstackBANK0  07FE
__LcstackCOMMON            cstackCOMMON 07FE
__Leeprom_data             eeprom_data  0000
__Lend_init                end_init     0000
__Lfunctab                 functab      0000
__Lheap                    heap         07FE
__Linit                    init         0000
__Lintentry                intentry     0000
__Lmaintext                maintext     07FE
__Losccal                  osccal       03FF
__Lpowerup                 powerup      0000
__Lram                     ram          07FE
__Lreset_vec               reset_vec    0000
__Lsfr0                    sfr0         07FE
__Lsfr1                    sfr1         07FE
__Lsivt                    sivt         0000
__Lspace_0                 (abs)        0000
__Lspace_1                 (abs)        0000
__Lspace_2                 (abs)        0000
__Lspace_3                 (abs)        0000
__Lspace_4                 (abs)        0000
__Lstack                   stack        07FE
__Lstrings                 strings      07FE
__Ltext                    text         07FE
__S0                       (abs)        03FF
__S1                       (abs)        0034
__S3                       (abs)        0000
___heap_hi                 (abs)        0000
___heap_lo                 (abs)        0000
___int_sp                  stack        07FE
___int_stack_hi            stack        07FE
___int_stack_lo            stack        07FE
___latbits                 (abs)        0000
___osccal_val              osccal       03FF
___sp                      stack        07FE
___stack_hi                stack        07FE
___stack_lo                stack        07FE
___stackhi                 (abs)        0000
___stacklo                 (abs)        0000
__end_of_Read_Timer0       text3        031F
__end_of_Timer0_Init       text2        0325
__end_of__initialization   cinit        03FD
__end_of__stringtab        strings      0007
__end_of_bitbang_pwm_cycle text1        0352
__end_of_log_table         strings      006B
__end_of_main              maintext     03FD
__initialization           cinit        03FD
__pcstackBANK0             cstackBANK0  0020
__pcstackCOMMON            cstackCOMMON 0000
__pmaintext                maintext     0352
__pstrings                 strings      0001
__ptext1                   text1        0325
__ptext2                   text2        031F
__ptext3                   text3        031C
__stringbase               strings      0006
__stringtab                strings      0001
_bitbang_pwm_cycle         text1        0325
_log_table                 strings      0007
_main                      maintext     0352
bitbang_pwm_cycle@bri      cstackBANK0  0022
bitbang_pwm_cycle@on       cstackBANK0  0025
bitbang_pwm_cycle@period   cstackBANK0  0023
btemp                      (abs)        005E
end_of_initialization      cinit        03FD
intlevel0                  functab      0000
intlevel1                  functab      0000
intlevel2                  functab      0000
intlevel3                  functab      0000
intlevel4                  functab      0000
intlevel5                  functab      0000
main@ac_sense_timeout      cstackBANK0  002E
main@last_timer_val        cstackBANK0  0028
main@led_brightness        cstackBANK0  0033
main@muting_counter        cstackBANK0  0029
main@set_brightness        cstackBANK0  0032
main@timer_val             cstackBANK0  002D
main@x                     cstackBANK0  0030
main@x_222                 cstackBANK0  0031
main@y                     cstackBANK0  002B
reset_vec                  reset_vec    0000
start                      init         0000
start_initialization       cinit        03FD
wtemp0                     (abs)        005E


MODULE INFORMATION

Module		Function		Class		Link	Load	Size
shared
		__stringtab    		STRING         	0001	0000	6
		__initialization		CODE           	03FD	0000	1
		_log_table     		STRING         	0007	0000	100

shared estimated size: 107

main.c
		_Timer0_Init   		CODE           	031F	0000	6
		_main          		CODE           	0352	0000	171
		_Read_Timer0   		CODE           	031C	0000	3
		_bitbang_pwm_cycle		CODE           	0325	0000	45

main.c estimated size: 225

